// Jest Snapshot v1, https://goo.gl/fbAQLP

exports[`Testing My Pokemon List Component Testing Snapshot Component Testing With Localstorage Empty 1`] = `"<div class=\\"css-1m5be6d\\"><div style=\\"display: flex; flex-direction: column; margin: auto; max-width: 500px; width: 100%;\\"><div class=\\"css-18ws7yw\\"><p color=\\"primary\\" font-size=\\"medium\\" font-weight=\\"500\\" class=\\"css-g3tsjf\\">Pokemon</p><p font-size=\\"text\\" class=\\"css-1brd6hq\\">You don\`t have any pokemon</p></div></div><div color=\\"#ddd\\" class=\\"css-1b90bes\\"></div><div class=\\"css-1b90bes\\"></div><button class=\\"css-j4r94v\\"><div class=\\"poke-ball css-adl4sn\\"></div></button><div color=\\"rgba(0,0,0,0.25)\\" class=\\"css-133wia2\\"></div><div class=\\"css-swco5x\\"><div class=\\"css-ulx48j\\"><div class=\\"css-8prdx5\\"><p font-size=\\"normal\\" color=\\"primary\\" font-weight=\\"500\\" class=\\"css-nftjgg\\">Catch Pokemon Succeess!</p><div class=\\"css-136ng3n\\"><p font-size=\\"medium\\" class=\\"css-1109ac7\\">×</p></div></div><div class=\\"css-we45xm\\"><input type=\\"text\\" placeholder=\\"Give a pokemon name\\" class=\\"css-5e2eqg\\" value=\\"\\"><p color=\\"red\\" class=\\"css-1gkutas\\"></p></div><div class=\\"css-1m7yzt4\\"><button type=\\"button\\" disabled=\\"\\" class=\\"css-jsg0f6\\">Save</button><button type=\\"button\\" class=\\"css-bbsgag\\">Cancel</button></div></div></div><div color=\\"rgba(0,0,0,0.25)\\" class=\\"css-133wia2\\"></div><div class=\\"css-swco5x\\"><div class=\\"css-ulx48j\\"><div class=\\"css-8prdx5\\"><p font-size=\\"normal\\" color=\\"primary\\" font-weight=\\"500\\" class=\\"css-nftjgg\\">Failed</p><div class=\\"css-136ng3n\\"><p font-size=\\"medium\\" class=\\"css-1109ac7\\">×</p></div></div><div class=\\"css-we45xm\\"><p class=\\"css-5jbmio\\">It ran away...</p></div></div></div><div color=\\"rgba(0,0,0,0.25)\\" class=\\"css-133wia2\\"></div><div class=\\"css-swco5x\\"><div class=\\"css-ulx48j\\"><div class=\\"css-8prdx5\\"><p font-size=\\"normal\\" color=\\"primary\\" font-weight=\\"500\\" class=\\"css-nftjgg\\">Failed</p><div class=\\"css-136ng3n\\"><p font-size=\\"medium\\" class=\\"css-1109ac7\\">×</p></div></div><div class=\\"css-we45xm\\"><p class=\\"css-5jbmio\\">Are you sure delete pokemon <b style=\\"color: rgb(26, 26, 26); font-weight: 500;\\"></b> ?</p></div><div class=\\"css-1m7yzt4\\"><button type=\\"button\\" class=\\"css-1q06zjp\\">Cancel</button><button type=\\"button\\" class=\\"css-bbsgag\\">Delete</button></div></div></div></div>"`;

exports[`Testing My Pokemon List Component Testing Snapshot Component Testing With Localstorage Not Empty 1`] = `"<div class=\\"css-1m5be6d\\"><div style=\\"display: flex; flex-direction: column; margin: auto; max-width: 500px; width: 100%;\\"><div tabindex=\\"0\\" color=\\"#ddd\\" role=\\"button\\" class=\\"css-emjs67\\"><div><img loading=\\"lazy\\" alt=\\"Pokemon ivysaur\\" src=\\"https://raw.githubusercontent.com/PokeAPI/sprites/master/sprites/pokemon/2.png\\"><div class=\\"pokemon-text\\"><p font-size=\\"large\\" font-weight=\\"700\\" color=\\"white\\" class=\\"css-z9ljcq\\">#002</p><p font-size=\\"normal\\" font-weight=\\"400\\" color=\\"white\\" class=\\"css-1r2ireq\\">sample-testing</p></div><div class=\\"poke-ball css-adl4sn\\"></div></div></div><div tabindex=\\"0\\" color=\\"#ddd\\" role=\\"button\\" class=\\"css-emjs67\\"><div><img loading=\\"lazy\\" alt=\\"Pokemon wartortle\\" src=\\"https://raw.githubusercontent.com/PokeAPI/sprites/master/sprites/pokemon/8.png\\"><div class=\\"pokemon-text\\"><p font-size=\\"large\\" font-weight=\\"700\\" color=\\"white\\" class=\\"css-z9ljcq\\">#008</p><p font-size=\\"normal\\" font-weight=\\"400\\" color=\\"white\\" class=\\"css-1r2ireq\\">my-turtle</p></div><div class=\\"poke-ball css-adl4sn\\"></div></div></div></div></div>"`;
