// Jest Snapshot v1, https://goo.gl/fbAQLP

exports[`Testing Evolution Component Renders properly with default configuration 1`] = `"<p font-weight=\\"500\\" font-size=\\"medium\\" class=\\"css-14e7f3w\\"><br>Loading</p>"`;

exports[`Testing Evolution Component Renders properly with default configuration 2`] = `"<p class=\\"css-1e7cmzx\\">Evolution bulbasaur</p><div class=\\"css-2gx4tk\\"><div class=\\"css-177dxd8\\"><img loading=\\"lazy\\" src=\\"https://raw.githubusercontent.com/PokeAPI/sprites/master/sprites/pokemon/1.png\\" alt=\\"bulbasaur\\"><p font-weight=\\"500\\" font-size=\\"text\\" class=\\"css-17tivp9\\">bulbasaur</p></div><div class=\\"css-xr71pc\\"><img loading=\\"lazy\\" src=\\"next-arrow.svg\\" alt=\\"evolution arrow\\"><p font-weight=\\"500\\" font-size=\\"normal\\" color=\\"primary\\" class=\\"css-nftjgg\\">level-up</p><p font-weight=\\"400\\" font-size=\\"text\\" color=\\"secondary\\" class=\\"css-1brd6hq\\">Min Level 16</p></div><div class=\\"css-177dxd8\\"><img loading=\\"lazy\\" src=\\"https://raw.githubusercontent.com/PokeAPI/sprites/master/sprites/pokemon/2.png\\" alt=\\"ivysaur\\"><p font-weight=\\"500\\" font-size=\\"text\\" class=\\"css-17tivp9\\">ivysaur</p></div></div><div class=\\"css-2gx4tk\\"><div class=\\"css-177dxd8\\"><img loading=\\"lazy\\" src=\\"https://raw.githubusercontent.com/PokeAPI/sprites/master/sprites/pokemon/2.png\\" alt=\\"ivysaur\\"><p font-weight=\\"500\\" font-size=\\"text\\" class=\\"css-17tivp9\\">ivysaur</p></div><div class=\\"css-xr71pc\\"><img loading=\\"lazy\\" src=\\"next-arrow.svg\\" alt=\\"evolution arrow\\"><p font-weight=\\"500\\" font-size=\\"normal\\" color=\\"primary\\" class=\\"css-nftjgg\\">level-up</p><p font-weight=\\"400\\" font-size=\\"text\\" color=\\"secondary\\" class=\\"css-1brd6hq\\">Min Level 32</p></div><div class=\\"css-177dxd8\\"><img loading=\\"lazy\\" src=\\"https://raw.githubusercontent.com/PokeAPI/sprites/master/sprites/pokemon/3.png\\" alt=\\"venusaur\\"><p font-weight=\\"500\\" font-size=\\"text\\" class=\\"css-17tivp9\\">venusaur</p></div></div>"`;
