// Jest Snapshot v1, https://goo.gl/fbAQLP

exports[`Testing Pokemon Listing Testing Snapshot Component 1`] = `"<div class=\\"css-1m5be6d\\"><div style=\\"display: flex; flex-direction: column; margin: auto; max-width: 500px; width: 100%;\\"></div><button type=\\"submit\\" class=\\"css-1tr36ki\\"><p color=\\"white\\" font-weight=\\"500\\" class=\\"css-1wsjhlw\\">Load More</p></button></div>"`;

exports[`Testing Pokemon Listing Testing Snapshot Component 2`] = `"<div class=\\"css-1m5be6d\\"><div style=\\"display: flex; flex-direction: column; margin: auto; max-width: 500px; width: 100%;\\"><div tabindex=\\"0\\" color=\\"#ace45c\\" role=\\"button\\" class=\\"css-1p8df5j\\"><div><img loading=\\"lazy\\" alt=\\"Pokemon bulbasaur\\" src=\\"https://raw.githubusercontent.com/PokeAPI/sprites/master/sprites/pokemon/1.png\\"><div class=\\"pokemon-text\\"><p font-size=\\"large\\" font-weight=\\"700\\" color=\\"white\\" class=\\"css-z9ljcq\\">#001</p><p font-size=\\"normal\\" font-weight=\\"400\\" color=\\"white\\" class=\\"css-1r2ireq\\">bulbasaur</p></div><div class=\\"poke-ball css-adl4sn\\"></div></div></div><div tabindex=\\"0\\" color=\\"#b9414e\\" role=\\"button\\" class=\\"css-d2pu76\\"><div><img loading=\\"lazy\\" alt=\\"Pokemon ivysaur\\" src=\\"https://raw.githubusercontent.com/PokeAPI/sprites/master/sprites/pokemon/2.png\\"><div class=\\"pokemon-text\\"><p font-size=\\"large\\" font-weight=\\"700\\" color=\\"white\\" class=\\"css-z9ljcq\\">#002</p><p font-size=\\"normal\\" font-weight=\\"400\\" color=\\"white\\" class=\\"css-1r2ireq\\">ivysaur</p></div><div class=\\"poke-ball css-adl4sn\\"></div></div></div><div tabindex=\\"0\\" color=\\"#24b099\\" role=\\"button\\" class=\\"css-1mdkz8q\\"><div><img loading=\\"lazy\\" alt=\\"Pokemon venusaur\\" src=\\"https://raw.githubusercontent.com/PokeAPI/sprites/master/sprites/pokemon/3.png\\"><div class=\\"pokemon-text\\"><p font-size=\\"large\\" font-weight=\\"700\\" color=\\"white\\" class=\\"css-z9ljcq\\">#003</p><p font-size=\\"normal\\" font-weight=\\"400\\" color=\\"white\\" class=\\"css-1r2ireq\\">venusaur</p></div><div class=\\"poke-ball css-adl4sn\\"></div></div></div><div tabindex=\\"0\\" color=\\"#f49404\\" role=\\"button\\" class=\\"css-oasdhy\\"><div><img loading=\\"lazy\\" alt=\\"Pokemon charmander\\" src=\\"https://raw.githubusercontent.com/PokeAPI/sprites/master/sprites/pokemon/4.png\\"><div class=\\"pokemon-text\\"><p font-size=\\"large\\" font-weight=\\"700\\" color=\\"white\\" class=\\"css-z9ljcq\\">#004</p><p font-size=\\"normal\\" font-weight=\\"400\\" color=\\"white\\" class=\\"css-1r2ireq\\">charmander</p></div><div class=\\"poke-ball css-adl4sn\\"></div></div></div><div tabindex=\\"0\\" color=\\"#fc6104\\" role=\\"button\\" class=\\"css-1hoer6m\\"><div><img loading=\\"lazy\\" alt=\\"Pokemon charmeleon\\" src=\\"https://raw.githubusercontent.com/PokeAPI/sprites/master/sprites/pokemon/5.png\\"><div class=\\"pokemon-text\\"><p font-size=\\"large\\" font-weight=\\"700\\" color=\\"white\\" class=\\"css-z9ljcq\\">#005</p><p font-size=\\"normal\\" font-weight=\\"400\\" color=\\"white\\" class=\\"css-1r2ireq\\">charmeleon</p></div><div class=\\"poke-ball css-adl4sn\\"></div></div></div><div tabindex=\\"0\\" color=\\"#fcb414\\" role=\\"button\\" class=\\"css-l4ansr\\"><div><img loading=\\"lazy\\" alt=\\"Pokemon charizard\\" src=\\"https://raw.githubusercontent.com/PokeAPI/sprites/master/sprites/pokemon/6.png\\"><div class=\\"pokemon-text\\"><p font-size=\\"large\\" font-weight=\\"700\\" color=\\"white\\" class=\\"css-z9ljcq\\">#006</p><p font-size=\\"normal\\" font-weight=\\"400\\" color=\\"white\\" class=\\"css-1r2ireq\\">charizard</p></div><div class=\\"poke-ball css-adl4sn\\"></div></div></div><div tabindex=\\"0\\" color=\\"#e1b66e\\" role=\\"button\\" class=\\"css-k6lh0e\\"><div><img loading=\\"lazy\\" alt=\\"Pokemon squirtle\\" src=\\"https://raw.githubusercontent.com/PokeAPI/sprites/master/sprites/pokemon/7.png\\"><div class=\\"pokemon-text\\"><p font-size=\\"large\\" font-weight=\\"700\\" color=\\"white\\" class=\\"css-z9ljcq\\">#007</p><p font-size=\\"normal\\" font-weight=\\"400\\" color=\\"white\\" class=\\"css-1r2ireq\\">squirtle</p></div><div class=\\"poke-ball css-adl4sn\\"></div></div></div><div tabindex=\\"0\\" color=\\"#647cbc\\" role=\\"button\\" class=\\"css-k8gmpg\\"><div><img loading=\\"lazy\\" alt=\\"Pokemon wartortle\\" src=\\"https://raw.githubusercontent.com/PokeAPI/sprites/master/sprites/pokemon/8.png\\"><div class=\\"pokemon-text\\"><p font-size=\\"large\\" font-weight=\\"700\\" color=\\"white\\" class=\\"css-z9ljcq\\">#008</p><p font-size=\\"normal\\" font-weight=\\"400\\" color=\\"white\\" class=\\"css-1r2ireq\\">wartortle</p></div><div class=\\"poke-ball css-adl4sn\\"></div></div></div><div tabindex=\\"0\\" color=\\"#4c7cbe\\" role=\\"button\\" class=\\"css-1komheg\\"><div><img loading=\\"lazy\\" alt=\\"Pokemon blastoise\\" src=\\"https://raw.githubusercontent.com/PokeAPI/sprites/master/sprites/pokemon/9.png\\"><div class=\\"pokemon-text\\"><p font-size=\\"large\\" font-weight=\\"700\\" color=\\"white\\" class=\\"css-z9ljcq\\">#009</p><p font-size=\\"normal\\" font-weight=\\"400\\" color=\\"white\\" class=\\"css-1r2ireq\\">blastoise</p></div><div class=\\"poke-ball css-adl4sn\\"></div></div></div><div tabindex=\\"0\\" color=\\"#6cc434\\" role=\\"button\\" class=\\"css-102rfts\\"><div><img loading=\\"lazy\\" alt=\\"Pokemon caterpie\\" src=\\"https://raw.githubusercontent.com/PokeAPI/sprites/master/sprites/pokemon/10.png\\"><div class=\\"pokemon-text\\"><p font-size=\\"large\\" font-weight=\\"700\\" color=\\"white\\" class=\\"css-z9ljcq\\">#010</p><p font-size=\\"normal\\" font-weight=\\"400\\" color=\\"white\\" class=\\"css-1r2ireq\\">caterpie</p></div><div class=\\"poke-ball css-adl4sn\\"></div></div></div></div><button type=\\"submit\\" class=\\"css-1k960ei\\"><p color=\\"white\\" font-weight=\\"500\\" class=\\"css-1wsjhlw\\">Load More</p></button><div color=\\"#ddd\\" class=\\"css-1b90bes\\"></div><div class=\\"css-1b90bes\\"></div><button class=\\"css-j4r94v\\"><div class=\\"poke-ball css-adl4sn\\"></div></button><div color=\\"rgba(0,0,0,0.25)\\" class=\\"css-133wia2\\"></div><div class=\\"css-swco5x\\"><div class=\\"css-ulx48j\\"><div class=\\"css-8prdx5\\"><p font-size=\\"normal\\" color=\\"primary\\" font-weight=\\"500\\" class=\\"css-nftjgg\\">Catch Pokemon Succeess!</p><div class=\\"css-136ng3n\\"><p font-size=\\"medium\\" class=\\"css-1109ac7\\">×</p></div></div><div class=\\"css-we45xm\\"><input type=\\"text\\" placeholder=\\"Give a pokemon name\\" class=\\"css-5e2eqg\\" value=\\"\\"><p color=\\"red\\" class=\\"css-1gkutas\\"></p></div><div class=\\"css-1m7yzt4\\"><button type=\\"button\\" disabled=\\"\\" class=\\"css-jsg0f6\\">Save</button><button type=\\"button\\" class=\\"css-bbsgag\\">Cancel</button></div></div></div><div color=\\"rgba(0,0,0,0.25)\\" class=\\"css-133wia2\\"></div><div class=\\"css-swco5x\\"><div class=\\"css-ulx48j\\"><div class=\\"css-8prdx5\\"><p font-size=\\"normal\\" color=\\"primary\\" font-weight=\\"500\\" class=\\"css-nftjgg\\">Failed</p><div class=\\"css-136ng3n\\"><p font-size=\\"medium\\" class=\\"css-1109ac7\\">×</p></div></div><div class=\\"css-we45xm\\"><p class=\\"css-5jbmio\\">It ran away...</p></div></div></div><div color=\\"rgba(0,0,0,0.25)\\" class=\\"css-133wia2\\"></div><div class=\\"css-swco5x\\"><div class=\\"css-ulx48j\\"><div class=\\"css-8prdx5\\"><p font-size=\\"normal\\" color=\\"primary\\" font-weight=\\"500\\" class=\\"css-nftjgg\\">Failed</p><div class=\\"css-136ng3n\\"><p font-size=\\"medium\\" class=\\"css-1109ac7\\">×</p></div></div><div class=\\"css-we45xm\\"><p class=\\"css-5jbmio\\">Are you sure delete pokemon <b style=\\"color: rgb(26, 26, 26); font-weight: 500;\\"></b> ?</p></div><div class=\\"css-1m7yzt4\\"><button type=\\"button\\" class=\\"css-1q06zjp\\">Cancel</button><button type=\\"button\\" class=\\"css-bbsgag\\">Delete</button></div></div></div></div>"`;
