// Jest Snapshot v1, https://goo.gl/fbAQLP

exports[`Case Pokemon Null Testing Render 1`] = `""`;
