// Jest Snapshot v1, https://goo.gl/fbAQLP

exports[`Testing Pokemon Stats Component Testing Snapshot Test 1`] = `
<Fragment>
  <Styled(p)>
    Basic Stats
  </Styled(p)>
  <Styled(div)
    rowGap={22}
    templates={
      Array [
        "120px",
        "25px",
        "auto",
        "25px",
      ]
    }
  >
    <Styled(p)>
      Hp
    </Styled(p)>
    <Styled(p)
      color="primary"
      fontSize="text"
      fontWeight={500}
    >
      45
    </Styled(p)>
    <ProgressBar
      maxValue={180}
      value={45}
    />
    <Styled(p)
      color="primary"
      fontSize="text"
      fontWeight={500}
    >
      180
    </Styled(p)>
    <Styled(p)>
      Attack
    </Styled(p)>
    <Styled(p)
      color="primary"
      fontSize="text"
      fontWeight={500}
    >
      49
    </Styled(p)>
    <ProgressBar
      maxValue={180}
      value={49}
    />
    <Styled(p)
      color="primary"
      fontSize="text"
      fontWeight={500}
    >
      180
    </Styled(p)>
    <Styled(p)>
      Defense
    </Styled(p)>
    <Styled(p)
      color="primary"
      fontSize="text"
      fontWeight={500}
    >
      49
    </Styled(p)>
    <ProgressBar
      maxValue={180}
      value={49}
    />
    <Styled(p)
      color="primary"
      fontSize="text"
      fontWeight={500}
    >
      180
    </Styled(p)>
    <Styled(p)>
      Spc. Attack
    </Styled(p)>
    <Styled(p)
      color="primary"
      fontSize="text"
      fontWeight={500}
    >
      65
    </Styled(p)>
    <ProgressBar
      maxValue={180}
      value={65}
    />
    <Styled(p)
      color="primary"
      fontSize="text"
      fontWeight={500}
    >
      180
    </Styled(p)>
    <Styled(p)>
      Spc. Defense
    </Styled(p)>
    <Styled(p)
      color="primary"
      fontSize="text"
      fontWeight={500}
    >
      65
    </Styled(p)>
    <ProgressBar
      maxValue={180}
      value={65}
    />
    <Styled(p)
      color="primary"
      fontSize="text"
      fontWeight={500}
    >
      180
    </Styled(p)>
    <Styled(p)>
      Speed
    </Styled(p)>
    <Styled(p)
      color="primary"
      fontSize="text"
      fontWeight={500}
    >
      45
    </Styled(p)>
    <ProgressBar
      maxValue={180}
      value={45}
    />
    <Styled(p)
      color="primary"
      fontSize="text"
      fontWeight={500}
    >
      180
    </Styled(p)>
  </Styled(div)>
</Fragment>
`;
