// Jest Snapshot v1, https://goo.gl/fbAQLP

exports[`Testing Pokemon Dialog Component Testing Set Selected Tabs When User Select About Tab 1`] = `"<div color=\\"#ddd\\" class=\\"css-jkppow\\"></div><div class=\\"css-e3ugb3\\"></div><button class=\\"css-lzjy7f\\"><div class=\\"poke-ball css-adl4sn\\"></div></button><div color=\\"rgba(0,0,0,0.25)\\" class=\\"css-133wia2\\"></div><div class=\\"css-swco5x\\"><div class=\\"css-ulx48j\\"><div class=\\"css-8prdx5\\"><p font-size=\\"normal\\" color=\\"primary\\" font-weight=\\"500\\" class=\\"css-nftjgg\\">Catch Pokemon Succeess!</p><div class=\\"css-136ng3n\\"><p font-size=\\"medium\\" class=\\"css-1109ac7\\">×</p></div></div><div class=\\"css-we45xm\\"><input type=\\"text\\" placeholder=\\"Give a pokemon name\\" class=\\"css-5e2eqg\\" value=\\"\\"><p color=\\"red\\" class=\\"css-1gkutas\\"></p></div><div class=\\"css-1m7yzt4\\"><button type=\\"button\\" disabled=\\"\\" class=\\"css-jsg0f6\\">Save</button><button type=\\"button\\" class=\\"css-bbsgag\\">Cancel</button></div></div></div><div color=\\"rgba(0,0,0,0.25)\\" class=\\"css-133wia2\\"></div><div class=\\"css-swco5x\\"><div class=\\"css-ulx48j\\"><div class=\\"css-8prdx5\\"><p font-size=\\"normal\\" color=\\"primary\\" font-weight=\\"500\\" class=\\"css-nftjgg\\">Failed</p><div class=\\"css-136ng3n\\"><p font-size=\\"medium\\" class=\\"css-1109ac7\\">×</p></div></div><div class=\\"css-we45xm\\"><p class=\\"css-5jbmio\\">It ran away...</p></div></div></div><div color=\\"rgba(0,0,0,0.25)\\" class=\\"css-133wia2\\"></div><div class=\\"css-swco5x\\"><div class=\\"css-ulx48j\\"><div class=\\"css-8prdx5\\"><p font-size=\\"normal\\" color=\\"primary\\" font-weight=\\"500\\" class=\\"css-nftjgg\\">Failed</p><div class=\\"css-136ng3n\\"><p font-size=\\"medium\\" class=\\"css-1109ac7\\">×</p></div></div><div class=\\"css-we45xm\\"><p class=\\"css-5jbmio\\">Are you sure delete pokemon <b style=\\"color: rgb(26, 26, 26); font-weight: 500;\\"></b> ?</p></div><div class=\\"css-1m7yzt4\\"><button type=\\"button\\" class=\\"css-1q06zjp\\">Cancel</button><button type=\\"button\\" class=\\"css-bbsgag\\">Delete</button></div></div></div><div style=\\"position: fixed; top: 0px; bottom: 0px; left: 0px; right: 0px; z-index: 9999999; overflow: hidden; pointer-events: auto;\\"><div><div class=\\"react-modal-sheet-container\\" style=\\"z-index: 2; position: absolute; left: 0px; bottom: 0px; width: 100%; background-color: rgb(255, 255, 255); border-top-right-radius: 8px; border-top-left-radius: 8px; box-shadow: 0px -2px 16px rgba(0, 0, 0, 0.3); display: flex; flex-direction: column; transform: none;\\"><div style=\\"width: 100%; user-select: none; transform: translate3d(0px, 0px, 0) scale(NaN, NaN); transform-origin: 50% 50% 0;\\" draggable=\\"false\\"><div class=\\"react-modal-sheet-header\\" style=\\"height: 40px; width: 100%; position: relative; display: flex; align-items: center; justify-content: center;\\"><span class=\\"react-modal-sheet-drag-indicator\\" style=\\"width: 18px; height: 4px; border-radius: 99px; background-color: rgb(221, 221, 221); transform: translateX(2px) rotate(0deg);\\"></span><span class=\\"react-modal-sheet-drag-indicator\\" style=\\"width: 18px; height: 4px; border-radius: 99px; background-color: rgb(221, 221, 221); transform: translateX(-2px) rotate(0deg);\\"></span></div></div><div style=\\"width: 100%; user-select: none; transform: translate3d(0px, 0px, 0) scale(NaN, NaN); transform-origin: 50% 50% 0;\\" draggable=\\"false\\"><div class=\\"css-ki684a\\"><div class=\\"css-i7oucz\\"><p color=\\"red\\" font-weight=\\"500\\" font-size=\\"normal\\" class=\\"css-149rpd5\\">About</p></div><div class=\\"css-1uyntlt\\"><p color=\\"secondary\\" font-weight=\\"500\\" font-size=\\"normal\\" class=\\"css-16tuhca\\">Stats</p></div><div class=\\"css-1uyntlt\\"><p color=\\"secondary\\" font-weight=\\"500\\" font-size=\\"normal\\" class=\\"css-16tuhca\\">Evolution</p></div></div></div><div class=\\"react-modal-sheet-content\\" style=\\"flex: 1; overflow: hidden; position: relative; user-select: none; transform: translate3d(0px, 0px, 0) scale(NaN, NaN); transform-origin: 50% 50% 0;\\" draggable=\\"false\\"></div></div><div class=\\"css-1way8yj\\"><section class=\\"css-8wlmm2\\"><p class=\\"close css-1r2ireq\\" color=\\"white\\" font-size=\\"normal\\" font-weight=\\"400\\">×</p></section><p color=\\"white\\" font-size=\\"normal\\" font-weight=\\"500\\" class=\\"css-15lnyw7\\">#001</p><p color=\\"white\\" font-size=\\"title\\" font-weight=\\"600\\" class=\\"css-1a6ud9a\\">bulbasaur</p></div></div></div>"`;

exports[`Testing Pokemon Dialog Component Testing Set Selected Tabs When User Select About Tab 2`] = `
"<div color=\\"#ace45c\\" class=\\"css-17uhc8w\\"></div><div class=\\"css-e3ugb3\\"></div><button class=\\"css-lzjy7f\\"><div class=\\"poke-ball css-adl4sn\\"></div></button><div color=\\"rgba(0,0,0,0.25)\\" class=\\"css-133wia2\\"></div><div class=\\"css-swco5x\\"><div class=\\"css-ulx48j\\"><div class=\\"css-8prdx5\\"><p font-size=\\"normal\\" color=\\"primary\\" font-weight=\\"500\\" class=\\"css-nftjgg\\">Catch Pokemon Succeess!</p><div class=\\"css-136ng3n\\"><p font-size=\\"medium\\" class=\\"css-1109ac7\\">×</p></div></div><div class=\\"css-we45xm\\"><input type=\\"text\\" placeholder=\\"Give a pokemon name\\" class=\\"css-5e2eqg\\" value=\\"\\"><p color=\\"red\\" class=\\"css-1gkutas\\"></p></div><div class=\\"css-1m7yzt4\\"><button type=\\"button\\" disabled=\\"\\" class=\\"css-jsg0f6\\">Save</button><button type=\\"button\\" class=\\"css-bbsgag\\">Cancel</button></div></div></div><div color=\\"rgba(0,0,0,0.25)\\" class=\\"css-133wia2\\"></div><div class=\\"css-swco5x\\"><div class=\\"css-ulx48j\\"><div class=\\"css-8prdx5\\"><p font-size=\\"normal\\" color=\\"primary\\" font-weight=\\"500\\" class=\\"css-nftjgg\\">Failed</p><div class=\\"css-136ng3n\\"><p font-size=\\"medium\\" class=\\"css-1109ac7\\">×</p></div></div><div class=\\"css-we45xm\\"><p class=\\"css-5jbmio\\">It ran away...</p></div></div></div><div color=\\"rgba(0,0,0,0.25)\\" class=\\"css-133wia2\\"></div><div class=\\"css-swco5x\\"><div class=\\"css-ulx48j\\"><div class=\\"css-8prdx5\\"><p font-size=\\"normal\\" color=\\"primary\\" font-weight=\\"500\\" class=\\"css-nftjgg\\">Failed</p><div class=\\"css-136ng3n\\"><p font-size=\\"medium\\" class=\\"css-1109ac7\\">×</p></div></div><div class=\\"css-we45xm\\"><p class=\\"css-5jbmio\\">Are you sure delete pokemon <b style=\\"color: rgb(26, 26, 26); font-weight: 500;\\"></b> ?</p></div><div class=\\"css-1m7yzt4\\"><button type=\\"button\\" class=\\"css-1q06zjp\\">Cancel</button><button type=\\"button\\" class=\\"css-bbsgag\\">Delete</button></div></div></div><div style=\\"position: fixed; top: 0px; bottom: 0px; left: 0px; right: 0px; z-index: 9999999; overflow: hidden; pointer-events: auto;\\"><div><div class=\\"react-modal-sheet-container\\" style=\\"z-index: 2; position: absolute; left: 0px; bottom: 0px; width: 100%; background-color: rgb(255, 255, 255); border-top-right-radius: 8px; border-top-left-radius: 8px; box-shadow: 0px -2px 16px rgba(0, 0, 0, 0.3); display: flex; flex-direction: column; transform: translateY(150px) translateZ(0);\\"><div style=\\"width: 100%; user-select: none; transform: translate3d(0px, 0px, 0) scale(NaN, NaN); transform-origin: 50% 50% 0;\\" draggable=\\"false\\"><div class=\\"react-modal-sheet-header\\" style=\\"height: 40px; width: 100%; position: relative; display: flex; align-items: center; justify-content: center;\\"><span class=\\"react-modal-sheet-drag-indicator\\" style=\\"width: 18px; height: 4px; border-radius: 99px; background-color: rgb(221, 221, 221); transform: translateX(2px) rotate(0deg);\\"></span><span class=\\"react-modal-sheet-drag-indicator\\" style=\\"width: 18px; height: 4px; border-radius: 99px; background-color: rgb(221, 221, 221); transform: translateX(-2px) rotate(0deg);\\"></span></div></div><div style=\\"width: 100%; user-select: none; transform: translate3d(0px, 0px, 0) scale(NaN, NaN); transform-origin: 50% 50% 0;\\" draggable=\\"false\\"><div class=\\"css-ki684a\\"><div class=\\"css-i7oucz\\"><p color=\\"red\\" font-weight=\\"500\\" font-size=\\"normal\\" class=\\"css-149rpd5\\">About</p></div><div class=\\"css-1uyntlt\\"><p color=\\"secondary\\" font-weight=\\"500\\" font-size=\\"normal\\" class=\\"css-16tuhca\\">Stats</p></div><div class=\\"css-1uyntlt\\"><p color=\\"secondary\\" font-weight=\\"500\\" font-size=\\"normal\\" class=\\"css-16tuhca\\">Evolution</p></div></div></div><div class=\\"react-modal-sheet-content\\" style=\\"flex: 1; overflow: hidden; position: relative; user-select: none; transform: translate3d(0px, 0px, 0) scale(NaN, NaN); transform-origin: 50% 50% 0;\\" draggable=\\"false\\"><div class=\\"css-v6fyfa\\"><p style=\\"margin-top: 24px;\\" class=\\"css-1j4xm8c\\">BULBASAUR can be seen napping in
bright sunlight.
There is a seed on its back.By soaking up the sun’s rays, the seed
grows progressively larger.</p><div class=\\"css-1qv4yrz\\"><div class=\\"css-aacv35\\">grass</div><div class=\\"css-aacv35\\">poison</div></div><p class=\\"css-1e7cmzx\\">Pokedex Data</p><div class=\\"css-ovz509\\"><p font-weight=\\"500\\" font-size=\\"text\\" class=\\"css-17tivp9\\">Height</p><p font-size=\\"text\\" class=\\"css-1brd6hq\\">:</p><p font-size=\\"text\\" class=\\"css-1brd6hq\\">0.7 m</p><p font-weight=\\"500\\" font-size=\\"text\\" class=\\"css-17tivp9\\">Weight</p><p font-size=\\"text\\" class=\\"css-1brd6hq\\">:</p><p font-size=\\"text\\" class=\\"css-1brd6hq\\">6.9 kg</p><p font-weight=\\"500\\" font-size=\\"text\\" class=\\"css-17tivp9\\">Egg Cycle</p><p font-size=\\"text\\" class=\\"css-1brd6hq\\">:</p><p font-size=\\"text\\" class=\\"css-1brd6hq\\">20 Days</p><p font-weight=\\"500\\" font-size=\\"text\\" class=\\"css-17tivp9\\">Egg Groups</p><p font-size=\\"text\\" class=\\"css-1brd6hq\\">:</p><div class=\\"css-1ayrg03\\"><p font-size=\\"text\\" class=\\"css-1brd6hq\\"><img loading=\\"lazy\\" src=\\"eggs.svg\\" alt=\\"monster\\">monster</p><p font-size=\\"text\\" class=\\"css-1brd6hq\\"><img loading=\\"lazy\\" src=\\"eggs.svg\\" alt=\\"plant\\">plant</p></div></div><p class=\\"css-1e7cmzx\\">Ability</p><ul class=\\"css-1dpuynf\\"><li><p font-size=\\"normal\\" font-weight=\\"500\\" class=\\"css-16tuhca\\">overgrow </p></li><li><p font-size=\\"normal\\" font-weight=\\"500\\" class=\\"css-16tuhca\\">chlorophyll (Hidden Ability)</p></li></ul><p class=\\"css-1e7cmzx\\">Training</p><div class=\\"css-8ferpg\\"><div class=\\"css-222o5a\\"><img loading=\\"lazy\\" src=\\"pokemon.svg\\" alt=\\"Training\\"><p font-size=\\"normal\\" font-weight=\\"400\\" class=\\"css-5jbmio\\">Base Experience</p><p font-size=\\"medium\\" font-weight=\\"700\\" color=\\"primary\\" class=\\"css-d7buld\\">64</p></div><div class=\\"css-222o5a\\"><img loading=\\"lazy\\" src=\\"pokemon.svg\\" alt=\\"Training\\"><p font-size=\\"normal\\" font-weight=\\"400\\" class=\\"css-5jbmio\\">Base Happiness</p><p font-size=\\"medium\\" font-weight=\\"700\\" color=\\"primary\\" class=\\"css-d7buld\\">70</p></div><div class=\\"css-222o5a\\"><img loading=\\"lazy\\" src=\\"pokemon.svg\\" alt=\\"Training\\"><p font-size=\\"normal\\" font-weight=\\"400\\" class=\\"css-5jbmio\\">Catch Rate</p><p font-size=\\"medium\\" font-weight=\\"700\\" color=\\"primary\\" class=\\"css-d7buld\\">45%</p></div><div class=\\"css-222o5a\\"><img loading=\\"lazy\\" src=\\"pokemon.svg\\" alt=\\"Training\\"><p font-size=\\"normal\\" font-weight=\\"400\\" class=\\"css-5jbmio\\">Growth Rate</p><p font-size=\\"medium\\" font-weight=\\"700\\" color=\\"primary\\" class=\\"css-d7buld\\">medium-slow</p></div></div></div></div></div><div class=\\"css-1way8yj\\"><section class=\\"css-8wlmm2\\"><p class=\\"close css-1r2ireq\\" color=\\"white\\" font-size=\\"normal\\" font-weight=\\"400\\">×</p></section><p color=\\"white\\" font-size=\\"normal\\" font-weight=\\"500\\" class=\\"css-15lnyw7\\">#001</p><p color=\\"white\\" font-size=\\"title\\" font-weight=\\"600\\" class=\\"css-1a6ud9a\\">bulbasaur</p><p class=\\"genus css-5ey957\\" color=\\"white\\" font-size=\\"text\\">Seed Pokémon</p><div class=\\"css-fa00fm\\"><div style=\\"transform: translateX(0%);\\"><div class=\\"css-lvk0ho\\"><img loading=\\"lazy\\" src=\\"https://raw.githubusercontent.com/PokeAPI/sprites/master/sprites/pokemon/1.png\\" alt=\\"Pokemon\\"></div><div class=\\"css-lvk0ho\\"><img loading=\\"lazy\\" src=\\"https://raw.githubusercontent.com/PokeAPI/sprites/master/sprites/pokemon/back/1.png\\" alt=\\"Pokemon\\"></div></div><div class=\\"css-1hulyf\\"></div><div class=\\"css-rm35ms\\"></div><div class=\\"css-qfe1qw\\"><div></div><div></div></div></div></div></div></div>"
`;

exports[`Testing Pokemon Dialog Component Testing Set Selected Tabs When User Select Stats Tab 1`] = `"<div color=\\"#ddd\\" class=\\"css-jkppow\\"></div><div class=\\"css-e3ugb3\\"></div><button class=\\"css-lzjy7f\\"><div class=\\"poke-ball css-adl4sn\\"></div></button><div color=\\"rgba(0,0,0,0.25)\\" class=\\"css-133wia2\\"></div><div class=\\"css-swco5x\\"><div class=\\"css-ulx48j\\"><div class=\\"css-8prdx5\\"><p font-size=\\"normal\\" color=\\"primary\\" font-weight=\\"500\\" class=\\"css-nftjgg\\">Catch Pokemon Succeess!</p><div class=\\"css-136ng3n\\"><p font-size=\\"medium\\" class=\\"css-1109ac7\\">×</p></div></div><div class=\\"css-we45xm\\"><input type=\\"text\\" placeholder=\\"Give a pokemon name\\" class=\\"css-5e2eqg\\" value=\\"\\"><p color=\\"red\\" class=\\"css-1gkutas\\"></p></div><div class=\\"css-1m7yzt4\\"><button type=\\"button\\" disabled=\\"\\" class=\\"css-jsg0f6\\">Save</button><button type=\\"button\\" class=\\"css-bbsgag\\">Cancel</button></div></div></div><div color=\\"rgba(0,0,0,0.25)\\" class=\\"css-133wia2\\"></div><div class=\\"css-swco5x\\"><div class=\\"css-ulx48j\\"><div class=\\"css-8prdx5\\"><p font-size=\\"normal\\" color=\\"primary\\" font-weight=\\"500\\" class=\\"css-nftjgg\\">Failed</p><div class=\\"css-136ng3n\\"><p font-size=\\"medium\\" class=\\"css-1109ac7\\">×</p></div></div><div class=\\"css-we45xm\\"><p class=\\"css-5jbmio\\">It ran away...</p></div></div></div><div color=\\"rgba(0,0,0,0.25)\\" class=\\"css-133wia2\\"></div><div class=\\"css-swco5x\\"><div class=\\"css-ulx48j\\"><div class=\\"css-8prdx5\\"><p font-size=\\"normal\\" color=\\"primary\\" font-weight=\\"500\\" class=\\"css-nftjgg\\">Failed</p><div class=\\"css-136ng3n\\"><p font-size=\\"medium\\" class=\\"css-1109ac7\\">×</p></div></div><div class=\\"css-we45xm\\"><p class=\\"css-5jbmio\\">Are you sure delete pokemon <b style=\\"color: rgb(26, 26, 26); font-weight: 500;\\"></b> ?</p></div><div class=\\"css-1m7yzt4\\"><button type=\\"button\\" class=\\"css-1q06zjp\\">Cancel</button><button type=\\"button\\" class=\\"css-bbsgag\\">Delete</button></div></div></div><div style=\\"position: fixed; top: 0px; bottom: 0px; left: 0px; right: 0px; z-index: 9999999; overflow: hidden; pointer-events: auto;\\"><div><div class=\\"react-modal-sheet-container\\" style=\\"z-index: 2; position: absolute; left: 0px; bottom: 0px; width: 100%; background-color: rgb(255, 255, 255); border-top-right-radius: 8px; border-top-left-radius: 8px; box-shadow: 0px -2px 16px rgba(0, 0, 0, 0.3); display: flex; flex-direction: column; transform: none;\\"><div style=\\"width: 100%; user-select: none; transform: translate3d(0px, 0px, 0) scale(NaN, NaN); transform-origin: 50% 50% 0;\\" draggable=\\"false\\"><div class=\\"react-modal-sheet-header\\" style=\\"height: 40px; width: 100%; position: relative; display: flex; align-items: center; justify-content: center;\\"><span class=\\"react-modal-sheet-drag-indicator\\" style=\\"width: 18px; height: 4px; border-radius: 99px; background-color: rgb(221, 221, 221); transform: translateX(2px) rotate(0deg);\\"></span><span class=\\"react-modal-sheet-drag-indicator\\" style=\\"width: 18px; height: 4px; border-radius: 99px; background-color: rgb(221, 221, 221); transform: translateX(-2px) rotate(0deg);\\"></span></div></div><div style=\\"width: 100%; user-select: none; transform: translate3d(0px, 0px, 0) scale(NaN, NaN); transform-origin: 50% 50% 0;\\" draggable=\\"false\\"><div class=\\"css-ki684a\\"><div class=\\"css-i7oucz\\"><p color=\\"red\\" font-weight=\\"500\\" font-size=\\"normal\\" class=\\"css-149rpd5\\">About</p></div><div class=\\"css-1uyntlt\\"><p color=\\"secondary\\" font-weight=\\"500\\" font-size=\\"normal\\" class=\\"css-16tuhca\\">Stats</p></div><div class=\\"css-1uyntlt\\"><p color=\\"secondary\\" font-weight=\\"500\\" font-size=\\"normal\\" class=\\"css-16tuhca\\">Evolution</p></div></div></div><div class=\\"react-modal-sheet-content\\" style=\\"flex: 1; overflow: hidden; position: relative; user-select: none; transform: translate3d(0px, 0px, 0) scale(NaN, NaN); transform-origin: 50% 50% 0;\\" draggable=\\"false\\"></div></div><div class=\\"css-1way8yj\\"><section class=\\"css-8wlmm2\\"><p class=\\"close css-1r2ireq\\" color=\\"white\\" font-size=\\"normal\\" font-weight=\\"400\\">×</p></section><p color=\\"white\\" font-size=\\"normal\\" font-weight=\\"500\\" class=\\"css-15lnyw7\\">#001</p><p color=\\"white\\" font-size=\\"title\\" font-weight=\\"600\\" class=\\"css-1a6ud9a\\">bulbasaur</p></div></div></div>"`;

exports[`Testing Pokemon Dialog Component Testing Set Selected Tabs When User Select Stats Tab 2`] = `"<div color=\\"#ace45c\\" class=\\"css-17uhc8w\\"></div><div class=\\"css-e3ugb3\\"></div><button class=\\"css-lzjy7f\\"><div class=\\"poke-ball css-adl4sn\\"></div></button><div color=\\"rgba(0,0,0,0.25)\\" class=\\"css-133wia2\\"></div><div class=\\"css-swco5x\\"><div class=\\"css-ulx48j\\"><div class=\\"css-8prdx5\\"><p font-size=\\"normal\\" color=\\"primary\\" font-weight=\\"500\\" class=\\"css-nftjgg\\">Catch Pokemon Succeess!</p><div class=\\"css-136ng3n\\"><p font-size=\\"medium\\" class=\\"css-1109ac7\\">×</p></div></div><div class=\\"css-we45xm\\"><input type=\\"text\\" placeholder=\\"Give a pokemon name\\" class=\\"css-5e2eqg\\" value=\\"\\"><p color=\\"red\\" class=\\"css-1gkutas\\"></p></div><div class=\\"css-1m7yzt4\\"><button type=\\"button\\" disabled=\\"\\" class=\\"css-jsg0f6\\">Save</button><button type=\\"button\\" class=\\"css-bbsgag\\">Cancel</button></div></div></div><div color=\\"rgba(0,0,0,0.25)\\" class=\\"css-133wia2\\"></div><div class=\\"css-swco5x\\"><div class=\\"css-ulx48j\\"><div class=\\"css-8prdx5\\"><p font-size=\\"normal\\" color=\\"primary\\" font-weight=\\"500\\" class=\\"css-nftjgg\\">Failed</p><div class=\\"css-136ng3n\\"><p font-size=\\"medium\\" class=\\"css-1109ac7\\">×</p></div></div><div class=\\"css-we45xm\\"><p class=\\"css-5jbmio\\">It ran away...</p></div></div></div><div color=\\"rgba(0,0,0,0.25)\\" class=\\"css-133wia2\\"></div><div class=\\"css-swco5x\\"><div class=\\"css-ulx48j\\"><div class=\\"css-8prdx5\\"><p font-size=\\"normal\\" color=\\"primary\\" font-weight=\\"500\\" class=\\"css-nftjgg\\">Failed</p><div class=\\"css-136ng3n\\"><p font-size=\\"medium\\" class=\\"css-1109ac7\\">×</p></div></div><div class=\\"css-we45xm\\"><p class=\\"css-5jbmio\\">Are you sure delete pokemon <b style=\\"color: rgb(26, 26, 26); font-weight: 500;\\"></b> ?</p></div><div class=\\"css-1m7yzt4\\"><button type=\\"button\\" class=\\"css-1q06zjp\\">Cancel</button><button type=\\"button\\" class=\\"css-bbsgag\\">Delete</button></div></div></div><div style=\\"position: fixed; top: 0px; bottom: 0px; left: 0px; right: 0px; z-index: 9999999; overflow: hidden; pointer-events: auto;\\"><div><div class=\\"react-modal-sheet-container\\" style=\\"z-index: 2; position: absolute; left: 0px; bottom: 0px; width: 100%; background-color: rgb(255, 255, 255); border-top-right-radius: 8px; border-top-left-radius: 8px; box-shadow: 0px -2px 16px rgba(0, 0, 0, 0.3); display: flex; flex-direction: column; transform: translateY(150px) translateZ(0);\\"><div style=\\"width: 100%; user-select: none; transform: translate3d(0px, 0px, 0) scale(NaN, NaN); transform-origin: 50% 50% 0;\\" draggable=\\"false\\"><div class=\\"react-modal-sheet-header\\" style=\\"height: 40px; width: 100%; position: relative; display: flex; align-items: center; justify-content: center;\\"><span class=\\"react-modal-sheet-drag-indicator\\" style=\\"width: 18px; height: 4px; border-radius: 99px; background-color: rgb(221, 221, 221); transform: translateX(2px) rotate(0deg);\\"></span><span class=\\"react-modal-sheet-drag-indicator\\" style=\\"width: 18px; height: 4px; border-radius: 99px; background-color: rgb(221, 221, 221); transform: translateX(-2px) rotate(0deg);\\"></span></div></div><div style=\\"width: 100%; user-select: none; transform: translate3d(0px, 0px, 0) scale(NaN, NaN); transform-origin: 50% 50% 0;\\" draggable=\\"false\\"><div class=\\"css-ki684a\\"><div class=\\"css-1uyntlt\\"><p color=\\"secondary\\" font-weight=\\"500\\" font-size=\\"normal\\" class=\\"css-16tuhca\\">About</p></div><div class=\\"css-i7oucz\\"><p color=\\"red\\" font-weight=\\"500\\" font-size=\\"normal\\" class=\\"css-149rpd5\\">Stats</p></div><div class=\\"css-1uyntlt\\"><p color=\\"secondary\\" font-weight=\\"500\\" font-size=\\"normal\\" class=\\"css-16tuhca\\">Evolution</p></div></div></div><div class=\\"react-modal-sheet-content\\" style=\\"flex: 1; overflow: hidden; position: relative; user-select: none; transform: translate3d(0px, 0px, 0) scale(NaN, NaN); transform-origin: 50% 50% 0;\\" draggable=\\"false\\"><div class=\\"css-v6fyfa\\"><p class=\\"css-1e7cmzx\\">Basic Stats</p><div class=\\"css-1ic8l2t\\"><p class=\\"css-5jbmio\\">Hp</p><p font-size=\\"text\\" font-weight=\\"500\\" color=\\"primary\\" class=\\"css-1k0so5j\\">45</p><div class=\\"css-qkdyee\\"><div value=\\"45\\" class=\\"css-ispox4\\"></div></div><p font-size=\\"text\\" font-weight=\\"500\\" color=\\"primary\\" class=\\"css-1k0so5j\\">180</p><p class=\\"css-5jbmio\\">Attack</p><p font-size=\\"text\\" font-weight=\\"500\\" color=\\"primary\\" class=\\"css-1k0so5j\\">49</p><div class=\\"css-qkdyee\\"><div value=\\"49\\" class=\\"css-1tyi9sn\\"></div></div><p font-size=\\"text\\" font-weight=\\"500\\" color=\\"primary\\" class=\\"css-1k0so5j\\">180</p><p class=\\"css-5jbmio\\">Defense</p><p font-size=\\"text\\" font-weight=\\"500\\" color=\\"primary\\" class=\\"css-1k0so5j\\">49</p><div class=\\"css-qkdyee\\"><div value=\\"49\\" class=\\"css-1tyi9sn\\"></div></div><p font-size=\\"text\\" font-weight=\\"500\\" color=\\"primary\\" class=\\"css-1k0so5j\\">180</p><p class=\\"css-5jbmio\\">Spc. Attack</p><p font-size=\\"text\\" font-weight=\\"500\\" color=\\"primary\\" class=\\"css-1k0so5j\\">65</p><div class=\\"css-qkdyee\\"><div value=\\"65\\" class=\\"css-181fjfp\\"></div></div><p font-size=\\"text\\" font-weight=\\"500\\" color=\\"primary\\" class=\\"css-1k0so5j\\">180</p><p class=\\"css-5jbmio\\">Spc. Defense</p><p font-size=\\"text\\" font-weight=\\"500\\" color=\\"primary\\" class=\\"css-1k0so5j\\">65</p><div class=\\"css-qkdyee\\"><div value=\\"65\\" class=\\"css-181fjfp\\"></div></div><p font-size=\\"text\\" font-weight=\\"500\\" color=\\"primary\\" class=\\"css-1k0so5j\\">180</p><p class=\\"css-5jbmio\\">Speed</p><p font-size=\\"text\\" font-weight=\\"500\\" color=\\"primary\\" class=\\"css-1k0so5j\\">45</p><div class=\\"css-qkdyee\\"><div value=\\"45\\" class=\\"css-ispox4\\"></div></div><p font-size=\\"text\\" font-weight=\\"500\\" color=\\"primary\\" class=\\"css-1k0so5j\\">180</p></div></div></div></div><div class=\\"css-1way8yj\\"><section class=\\"css-8wlmm2\\"><p class=\\"close css-1r2ireq\\" color=\\"white\\" font-size=\\"normal\\" font-weight=\\"400\\">×</p></section><p color=\\"white\\" font-size=\\"normal\\" font-weight=\\"500\\" class=\\"css-15lnyw7\\">#001</p><p color=\\"white\\" font-size=\\"title\\" font-weight=\\"600\\" class=\\"css-1a6ud9a\\">bulbasaur</p><p class=\\"genus css-5ey957\\" color=\\"white\\" font-size=\\"text\\">Seed Pokémon</p><div class=\\"css-fa00fm\\"><div style=\\"transform: translateX(0%);\\"><div class=\\"css-lvk0ho\\"><img loading=\\"lazy\\" src=\\"https://raw.githubusercontent.com/PokeAPI/sprites/master/sprites/pokemon/1.png\\" alt=\\"Pokemon\\"></div><div class=\\"css-lvk0ho\\"><img loading=\\"lazy\\" src=\\"https://raw.githubusercontent.com/PokeAPI/sprites/master/sprites/pokemon/back/1.png\\" alt=\\"Pokemon\\"></div></div><div class=\\"css-1hulyf\\"></div><div class=\\"css-rm35ms\\"></div><div class=\\"css-qfe1qw\\"><div></div><div></div></div></div></div></div></div>"`;

exports[`Testing Pokemon Dialog Component Testing Set Selected Tabs When User Select Version Tab 1`] = `"<div color=\\"#ddd\\" class=\\"css-jkppow\\"></div><div class=\\"css-e3ugb3\\"></div><button class=\\"css-lzjy7f\\"><div class=\\"poke-ball css-adl4sn\\"></div></button><div color=\\"rgba(0,0,0,0.25)\\" class=\\"css-133wia2\\"></div><div class=\\"css-swco5x\\"><div class=\\"css-ulx48j\\"><div class=\\"css-8prdx5\\"><p font-size=\\"normal\\" color=\\"primary\\" font-weight=\\"500\\" class=\\"css-nftjgg\\">Catch Pokemon Succeess!</p><div class=\\"css-136ng3n\\"><p font-size=\\"medium\\" class=\\"css-1109ac7\\">×</p></div></div><div class=\\"css-we45xm\\"><input type=\\"text\\" placeholder=\\"Give a pokemon name\\" class=\\"css-5e2eqg\\" value=\\"\\"><p color=\\"red\\" class=\\"css-1gkutas\\"></p></div><div class=\\"css-1m7yzt4\\"><button type=\\"button\\" disabled=\\"\\" class=\\"css-jsg0f6\\">Save</button><button type=\\"button\\" class=\\"css-bbsgag\\">Cancel</button></div></div></div><div color=\\"rgba(0,0,0,0.25)\\" class=\\"css-133wia2\\"></div><div class=\\"css-swco5x\\"><div class=\\"css-ulx48j\\"><div class=\\"css-8prdx5\\"><p font-size=\\"normal\\" color=\\"primary\\" font-weight=\\"500\\" class=\\"css-nftjgg\\">Failed</p><div class=\\"css-136ng3n\\"><p font-size=\\"medium\\" class=\\"css-1109ac7\\">×</p></div></div><div class=\\"css-we45xm\\"><p class=\\"css-5jbmio\\">It ran away...</p></div></div></div><div color=\\"rgba(0,0,0,0.25)\\" class=\\"css-133wia2\\"></div><div class=\\"css-swco5x\\"><div class=\\"css-ulx48j\\"><div class=\\"css-8prdx5\\"><p font-size=\\"normal\\" color=\\"primary\\" font-weight=\\"500\\" class=\\"css-nftjgg\\">Failed</p><div class=\\"css-136ng3n\\"><p font-size=\\"medium\\" class=\\"css-1109ac7\\">×</p></div></div><div class=\\"css-we45xm\\"><p class=\\"css-5jbmio\\">Are you sure delete pokemon <b style=\\"color: rgb(26, 26, 26); font-weight: 500;\\"></b> ?</p></div><div class=\\"css-1m7yzt4\\"><button type=\\"button\\" class=\\"css-1q06zjp\\">Cancel</button><button type=\\"button\\" class=\\"css-bbsgag\\">Delete</button></div></div></div><div style=\\"position: fixed; top: 0px; bottom: 0px; left: 0px; right: 0px; z-index: 9999999; overflow: hidden; pointer-events: auto;\\"><div><div class=\\"react-modal-sheet-container\\" style=\\"z-index: 2; position: absolute; left: 0px; bottom: 0px; width: 100%; background-color: rgb(255, 255, 255); border-top-right-radius: 8px; border-top-left-radius: 8px; box-shadow: 0px -2px 16px rgba(0, 0, 0, 0.3); display: flex; flex-direction: column; transform: none;\\"><div style=\\"width: 100%; user-select: none; transform: translate3d(0px, 0px, 0) scale(NaN, NaN); transform-origin: 50% 50% 0;\\" draggable=\\"false\\"><div class=\\"react-modal-sheet-header\\" style=\\"height: 40px; width: 100%; position: relative; display: flex; align-items: center; justify-content: center;\\"><span class=\\"react-modal-sheet-drag-indicator\\" style=\\"width: 18px; height: 4px; border-radius: 99px; background-color: rgb(221, 221, 221); transform: translateX(2px) rotate(0deg);\\"></span><span class=\\"react-modal-sheet-drag-indicator\\" style=\\"width: 18px; height: 4px; border-radius: 99px; background-color: rgb(221, 221, 221); transform: translateX(-2px) rotate(0deg);\\"></span></div></div><div style=\\"width: 100%; user-select: none; transform: translate3d(0px, 0px, 0) scale(NaN, NaN); transform-origin: 50% 50% 0;\\" draggable=\\"false\\"><div class=\\"css-ki684a\\"><div class=\\"css-i7oucz\\"><p color=\\"red\\" font-weight=\\"500\\" font-size=\\"normal\\" class=\\"css-149rpd5\\">About</p></div><div class=\\"css-1uyntlt\\"><p color=\\"secondary\\" font-weight=\\"500\\" font-size=\\"normal\\" class=\\"css-16tuhca\\">Stats</p></div><div class=\\"css-1uyntlt\\"><p color=\\"secondary\\" font-weight=\\"500\\" font-size=\\"normal\\" class=\\"css-16tuhca\\">Evolution</p></div></div></div><div class=\\"react-modal-sheet-content\\" style=\\"flex: 1; overflow: hidden; position: relative; user-select: none; transform: translate3d(0px, 0px, 0) scale(NaN, NaN); transform-origin: 50% 50% 0;\\" draggable=\\"false\\"></div></div><div class=\\"css-1way8yj\\"><section class=\\"css-8wlmm2\\"><p class=\\"close css-1r2ireq\\" color=\\"white\\" font-size=\\"normal\\" font-weight=\\"400\\">×</p></section><p color=\\"white\\" font-size=\\"normal\\" font-weight=\\"500\\" class=\\"css-15lnyw7\\">#001</p><p color=\\"white\\" font-size=\\"title\\" font-weight=\\"600\\" class=\\"css-1a6ud9a\\">bulbasaur</p></div></div></div>"`;

exports[`Testing Pokemon Dialog Component Testing Set Selected Tabs When User Select Version Tab 2`] = `"<div color=\\"#ace45c\\" class=\\"css-17uhc8w\\"></div><div class=\\"css-e3ugb3\\"></div><button class=\\"css-lzjy7f\\"><div class=\\"poke-ball css-adl4sn\\"></div></button><div color=\\"rgba(0,0,0,0.25)\\" class=\\"css-133wia2\\"></div><div class=\\"css-swco5x\\"><div class=\\"css-ulx48j\\"><div class=\\"css-8prdx5\\"><p font-size=\\"normal\\" color=\\"primary\\" font-weight=\\"500\\" class=\\"css-nftjgg\\">Catch Pokemon Succeess!</p><div class=\\"css-136ng3n\\"><p font-size=\\"medium\\" class=\\"css-1109ac7\\">×</p></div></div><div class=\\"css-we45xm\\"><input type=\\"text\\" placeholder=\\"Give a pokemon name\\" class=\\"css-5e2eqg\\" value=\\"\\"><p color=\\"red\\" class=\\"css-1gkutas\\"></p></div><div class=\\"css-1m7yzt4\\"><button type=\\"button\\" disabled=\\"\\" class=\\"css-jsg0f6\\">Save</button><button type=\\"button\\" class=\\"css-bbsgag\\">Cancel</button></div></div></div><div color=\\"rgba(0,0,0,0.25)\\" class=\\"css-133wia2\\"></div><div class=\\"css-swco5x\\"><div class=\\"css-ulx48j\\"><div class=\\"css-8prdx5\\"><p font-size=\\"normal\\" color=\\"primary\\" font-weight=\\"500\\" class=\\"css-nftjgg\\">Failed</p><div class=\\"css-136ng3n\\"><p font-size=\\"medium\\" class=\\"css-1109ac7\\">×</p></div></div><div class=\\"css-we45xm\\"><p class=\\"css-5jbmio\\">It ran away...</p></div></div></div><div color=\\"rgba(0,0,0,0.25)\\" class=\\"css-133wia2\\"></div><div class=\\"css-swco5x\\"><div class=\\"css-ulx48j\\"><div class=\\"css-8prdx5\\"><p font-size=\\"normal\\" color=\\"primary\\" font-weight=\\"500\\" class=\\"css-nftjgg\\">Failed</p><div class=\\"css-136ng3n\\"><p font-size=\\"medium\\" class=\\"css-1109ac7\\">×</p></div></div><div class=\\"css-we45xm\\"><p class=\\"css-5jbmio\\">Are you sure delete pokemon <b style=\\"color: rgb(26, 26, 26); font-weight: 500;\\"></b> ?</p></div><div class=\\"css-1m7yzt4\\"><button type=\\"button\\" class=\\"css-1q06zjp\\">Cancel</button><button type=\\"button\\" class=\\"css-bbsgag\\">Delete</button></div></div></div><div style=\\"position: fixed; top: 0px; bottom: 0px; left: 0px; right: 0px; z-index: 9999999; overflow: hidden; pointer-events: auto;\\"><div><div class=\\"react-modal-sheet-container\\" style=\\"z-index: 2; position: absolute; left: 0px; bottom: 0px; width: 100%; background-color: rgb(255, 255, 255); border-top-right-radius: 8px; border-top-left-radius: 8px; box-shadow: 0px -2px 16px rgba(0, 0, 0, 0.3); display: flex; flex-direction: column; transform: translateY(150px) translateZ(0);\\"><div style=\\"width: 100%; user-select: none; transform: translate3d(0px, 0px, 0) scale(NaN, NaN); transform-origin: 50% 50% 0;\\" draggable=\\"false\\"><div class=\\"react-modal-sheet-header\\" style=\\"height: 40px; width: 100%; position: relative; display: flex; align-items: center; justify-content: center;\\"><span class=\\"react-modal-sheet-drag-indicator\\" style=\\"width: 18px; height: 4px; border-radius: 99px; background-color: rgb(221, 221, 221); transform: translateX(2px) rotate(0deg);\\"></span><span class=\\"react-modal-sheet-drag-indicator\\" style=\\"width: 18px; height: 4px; border-radius: 99px; background-color: rgb(221, 221, 221); transform: translateX(-2px) rotate(0deg);\\"></span></div></div><div style=\\"width: 100%; user-select: none; transform: translate3d(0px, 0px, 0) scale(NaN, NaN); transform-origin: 50% 50% 0;\\" draggable=\\"false\\"><div class=\\"css-ki684a\\"><div class=\\"css-1uyntlt\\"><p color=\\"secondary\\" font-weight=\\"500\\" font-size=\\"normal\\" class=\\"css-16tuhca\\">About</p></div><div class=\\"css-1uyntlt\\"><p color=\\"secondary\\" font-weight=\\"500\\" font-size=\\"normal\\" class=\\"css-16tuhca\\">Stats</p></div><div class=\\"css-i7oucz\\"><p color=\\"red\\" font-weight=\\"500\\" font-size=\\"normal\\" class=\\"css-149rpd5\\">Evolution</p></div></div></div><div class=\\"react-modal-sheet-content\\" style=\\"flex: 1; overflow: hidden; position: relative; user-select: none; transform: translate3d(0px, 0px, 0) scale(NaN, NaN); transform-origin: 50% 50% 0;\\" draggable=\\"false\\"><div class=\\"css-v6fyfa\\"><p class=\\"css-1e7cmzx\\">Evolution bulbasaur</p><div class=\\"css-2gx4tk\\"><div class=\\"css-177dxd8\\"><img loading=\\"lazy\\" src=\\"https://raw.githubusercontent.com/PokeAPI/sprites/master/sprites/pokemon/1.png\\" alt=\\"bulbasaur\\"><p font-weight=\\"500\\" font-size=\\"text\\" class=\\"css-17tivp9\\">bulbasaur</p></div><div class=\\"css-xr71pc\\"><img loading=\\"lazy\\" src=\\"next-arrow.svg\\" alt=\\"evolution arrow\\"><p font-weight=\\"500\\" font-size=\\"normal\\" color=\\"primary\\" class=\\"css-nftjgg\\">level-up</p><p font-weight=\\"400\\" font-size=\\"text\\" color=\\"secondary\\" class=\\"css-1brd6hq\\">Min Level 16</p></div><div class=\\"css-177dxd8\\"><img loading=\\"lazy\\" src=\\"https://raw.githubusercontent.com/PokeAPI/sprites/master/sprites/pokemon/2.png\\" alt=\\"ivysaur\\"><p font-weight=\\"500\\" font-size=\\"text\\" class=\\"css-17tivp9\\">ivysaur</p></div></div><div class=\\"css-2gx4tk\\"><div class=\\"css-177dxd8\\"><img loading=\\"lazy\\" src=\\"https://raw.githubusercontent.com/PokeAPI/sprites/master/sprites/pokemon/2.png\\" alt=\\"ivysaur\\"><p font-weight=\\"500\\" font-size=\\"text\\" class=\\"css-17tivp9\\">ivysaur</p></div><div class=\\"css-xr71pc\\"><img loading=\\"lazy\\" src=\\"next-arrow.svg\\" alt=\\"evolution arrow\\"><p font-weight=\\"500\\" font-size=\\"normal\\" color=\\"primary\\" class=\\"css-nftjgg\\">level-up</p><p font-weight=\\"400\\" font-size=\\"text\\" color=\\"secondary\\" class=\\"css-1brd6hq\\">Min Level 32</p></div><div class=\\"css-177dxd8\\"><img loading=\\"lazy\\" src=\\"https://raw.githubusercontent.com/PokeAPI/sprites/master/sprites/pokemon/3.png\\" alt=\\"venusaur\\"><p font-weight=\\"500\\" font-size=\\"text\\" class=\\"css-17tivp9\\">venusaur</p></div></div></div></div></div><div class=\\"css-1way8yj\\"><section class=\\"css-8wlmm2\\"><p class=\\"close css-1r2ireq\\" color=\\"white\\" font-size=\\"normal\\" font-weight=\\"400\\">×</p></section><p color=\\"white\\" font-size=\\"normal\\" font-weight=\\"500\\" class=\\"css-15lnyw7\\">#001</p><p color=\\"white\\" font-size=\\"title\\" font-weight=\\"600\\" class=\\"css-1a6ud9a\\">bulbasaur</p><p class=\\"genus css-5ey957\\" color=\\"white\\" font-size=\\"text\\">Seed Pokémon</p><div class=\\"css-fa00fm\\"><div style=\\"transform: translateX(0%);\\"><div class=\\"css-lvk0ho\\"><img loading=\\"lazy\\" src=\\"https://raw.githubusercontent.com/PokeAPI/sprites/master/sprites/pokemon/1.png\\" alt=\\"Pokemon\\"></div><div class=\\"css-lvk0ho\\"><img loading=\\"lazy\\" src=\\"https://raw.githubusercontent.com/PokeAPI/sprites/master/sprites/pokemon/back/1.png\\" alt=\\"Pokemon\\"></div></div><div class=\\"css-1hulyf\\"></div><div class=\\"css-rm35ms\\"></div><div class=\\"css-qfe1qw\\"><div></div><div></div></div></div></div></div></div>"`;
