// Jest Snapshot v1, https://goo.gl/fbAQLP

exports[`Testing Pokemon Top Section Component Testing Snapshot Test Testing With Set showImage & showWrapper equal true 1`] = `"<div class=\\"css-1way8yj\\"><section class=\\"css-8wlmm2\\"><p class=\\"close css-1r2ireq\\" color=\\"white\\" font-size=\\"normal\\" font-weight=\\"400\\">×</p></section><p color=\\"white\\" font-size=\\"normal\\" font-weight=\\"500\\" class=\\"css-15lnyw7\\">#001</p><p color=\\"white\\" font-size=\\"title\\" font-weight=\\"600\\" class=\\"css-1a6ud9a\\">bulbasaur</p><p class=\\"genus css-5ey957\\" color=\\"white\\" font-size=\\"text\\">Seed Pokémon</p><div class=\\"css-fa00fm\\"><div style=\\"transform: translateX(0%);\\"><div class=\\"css-lvk0ho\\"><img loading=\\"lazy\\" src=\\"https://raw.githubusercontent.com/PokeAPI/sprites/master/sprites/pokemon/1.png\\" alt=\\"Pokemon\\"></div><div class=\\"css-lvk0ho\\"><img loading=\\"lazy\\" src=\\"https://raw.githubusercontent.com/PokeAPI/sprites/master/sprites/pokemon/back/1.png\\" alt=\\"Pokemon\\"></div></div><div class=\\"css-1hulyf\\"></div><div class=\\"css-rm35ms\\"></div><div class=\\"css-qfe1qw\\"><div></div><div></div></div></div></div>"`;

exports[`Testing Pokemon Top Section Component Testing Snapshot Test Testing With Set showImage equal true 1`] = `"<div class=\\"css-73d4k3\\"><section class=\\"css-8wlmm2\\"><p class=\\"close css-5jbmio\\" color=\\"secondary\\" font-size=\\"normal\\" font-weight=\\"400\\">×</p></section><p color=\\"secondary\\" font-size=\\"normal\\" font-weight=\\"500\\" class=\\"css-16tuhca\\">#001</p><p color=\\"secondary\\" font-size=\\"title\\" font-weight=\\"600\\" class=\\"css-jbfcco\\">bulbasaur</p><p class=\\"genus css-1brd6hq\\" color=\\"secondary\\" font-size=\\"text\\">Seed Pokémon</p><div class=\\"css-fa00fm\\"><div style=\\"transform: translateX(0%);\\"><div class=\\"css-lvk0ho\\"><img loading=\\"lazy\\" src=\\"https://raw.githubusercontent.com/PokeAPI/sprites/master/sprites/pokemon/1.png\\" alt=\\"Pokemon\\"></div><div class=\\"css-lvk0ho\\"><img loading=\\"lazy\\" src=\\"https://raw.githubusercontent.com/PokeAPI/sprites/master/sprites/pokemon/back/1.png\\" alt=\\"Pokemon\\"></div></div><div class=\\"css-1hulyf\\"></div><div class=\\"css-rm35ms\\"></div><div class=\\"css-qfe1qw\\"><div></div><div></div></div></div></div>"`;

exports[`Testing Pokemon Top Section Component Testing Snapshot Test Testing With Set showWrapper equal true 1`] = `"<div class=\\"css-1way8yj\\"><section class=\\"css-8wlmm2\\"><p class=\\"close css-1r2ireq\\" color=\\"white\\" font-size=\\"normal\\" font-weight=\\"400\\">×</p></section><p color=\\"white\\" font-size=\\"normal\\" font-weight=\\"500\\" class=\\"css-15lnyw7\\">#001</p><p color=\\"white\\" font-size=\\"title\\" font-weight=\\"600\\" class=\\"css-1a6ud9a\\">bulbasaur</p><p class=\\"genus css-5ey957\\" color=\\"white\\" font-size=\\"text\\">Seed Pokémon</p><div class=\\"css-9eorj8\\"><div style=\\"transform: translateX(0%);\\"><div class=\\"css-lvk0ho\\"><img loading=\\"lazy\\" src=\\"https://raw.githubusercontent.com/PokeAPI/sprites/master/sprites/pokemon/1.png\\" alt=\\"Pokemon\\"></div><div class=\\"css-lvk0ho\\"><img loading=\\"lazy\\" src=\\"https://raw.githubusercontent.com/PokeAPI/sprites/master/sprites/pokemon/back/1.png\\" alt=\\"Pokemon\\"></div></div><div class=\\"css-1hulyf\\"></div><div class=\\"css-rm35ms\\"></div><div class=\\"css-qfe1qw\\"><div></div><div></div></div></div></div>"`;

exports[`Testing Pokemon Top Section Component Testing Snapshot Test Testing Without sprites 1`] = `"<div class=\\"css-1way8yj\\"><section class=\\"css-8wlmm2\\"><p class=\\"close css-1r2ireq\\" color=\\"white\\" font-size=\\"normal\\" font-weight=\\"400\\">×</p></section><p color=\\"white\\" font-size=\\"normal\\" font-weight=\\"500\\" class=\\"css-15lnyw7\\">#001</p><p color=\\"white\\" font-size=\\"title\\" font-weight=\\"600\\" class=\\"css-1a6ud9a\\">bulbasaur</p><p class=\\"genus css-5ey957\\" color=\\"white\\" font-size=\\"text\\">Seed Pokémon</p></div>"`;
